read_file, skipws, beginsdefs, substr, skiplinespace, pattern_create, token_create, lexer_create, pattern_print, token_print, lexer_destroy, parse_defsraw, parse_id, parse_tonewline, parse_token_literal, parse_action, parse_toeof, lexer_print, skipoptions, parse_token_id, parse_token_pattern, parse_pattern, parse_name, count_patterns, parse_defs_n, parse_token, parse_defsproper, count_tokens, parse_rules_n, parse_defs, parse_rules, parse, main
